// Jest Snapshot v1, https://goo.gl/fbAQLP

exports[`Section Component Snapshots Section matches Snapshot 1`] = `
<section>
  <h1>
    Test
  </h1>
  <MockChild />
</section>
`;
